// Jest Snapshot v1, https://goo.gl/fbAQLP

exports[`Render the 'Card' component 1`] = `"Hello world!"`;
